makefile
makefile.all
makefile.dos
makefile.win
objfix.win
makefile.unix
makefile.beos
rulesalg.inc
LICENSE
CHANGES
SOURCE
README
sneese.dat
files.lst
src/cpu/65c816.asm
include/cpu/cpuaddr.inc
include/cpu/cpumacro.inc
include/cpu/cpuops.inc
include/cpu/ops_s.inc
include/cpu/ops_sm.inc
include/cpu/ops_smx.inc
include/cpu/ops_sx.inc
include/cpu/ops_m.inc
include/cpu/ops_mx.inc
include/cpu/ops_x.inc
include/cpu/timing.inc
include/cpu/regs.inc
include/apu/spc.inc
src/apu/spc700.c
include/apu/spcaddr.inc
include/apu/spcmacro.inc
include/apu/spcops.inc
include/apu/regs.inc
include/cycles.inc
include/cpu/cpumem.inc
include/misc.inc
src/cpu/memmap.asm
include/cpu/memmap.inc
src/cpu/dma.asm
include/cpu/dma.inc
src/ppu/ppu.asm
include/ppu/ppu.inc
src/ppu/screen.asm
include/ppu/screen.inc
src/ppu/bg8.asm
src/ppu/bg8m.asm
src/ppu/bg16.asm
src/ppu/bg16m.asm
src/ppu/bg8o.asm
src/ppu/bg8om.asm
src/ppu/bg16o.asm
src/ppu/bg16om.asm
src/ppu/bg16e.asm
src/ppu/bg16me.asm
src/ppu/bg16oe.asm
src/ppu/bg16ome.asm
src/ppu/tiles.asm
include/ppu/tiles.inc
src/ppu/sprites.asm
include/ppu/sprites.inc
src/clear.asm
include/clear.inc
src/apu/apuskip.asm
src/ppu/mode7.asm
src/ppu/windows.asm
src/scrmode.asm
src/font.asm
src/main.cpp
include/apu/apuskip.h
include/platform.h
include/font.h
include/misc.h
include/romload.h
include/helper.h
include/guicore.h
include/emugui.h
include/debug.h
include/snes.h
include/timers.h
include/types.h
include/scrmode.h
include/wrapaleg.h
src/unzip.c
include/unzip.h
src/map.c
include/map.h
src/multiio.c
include/multiio.h
src/guicore.cpp
src/emugui.cpp
include/cpu/cpu.h
include/apu/spc.h
include/apu/sound.h
include/apu/sounddef.h
include/version.h
src/romload.cpp
include/cpu/mem.h
src/allegro/platform.c
src/snes.c
src/timers.c
src/debug.c
src/helper.c
src/apu/sound.c
src/input.c
include/input.h
src/win/objfix.c
src/jma/lzma.cpp
src/jma/lzma.h
src/jma/lzmadec.cpp
src/jma/lzmadec.h
src/jma/portable.h
src/jma/rcdefs.h
src/jma/rngcoder.h
src/jma/winout.cpp
src/jma/winout.h
src/jma/7z.h
src/jma/7zlzma.cpp
src/jma/aribitcd.h
src/jma/ariconst.h
src/jma/ariprice.h
src/jma/btreecd.h
src/jma/crc32.cpp
src/jma/crc32.h
src/jma/iiostrm.cpp
src/jma/iiostrm.h
src/jma/inbyte.cpp
src/jma/inbyte.h
src/jma/jma.cpp
src/jma/jma.h
src/jma/lencoder.h
src/jma/litcoder.h
