makefile
makefile.all
makefile.dos
makefile.win
makefile.unix
makefile.beos
LICENSE
CHANGES
SOURCE
README
sneese.dat
files.lst
src/cpu/65c816.asm
include/cpu/cpuaddr.inc
include/cpu/cpumacro.inc
include/cpu/cpuops.inc
include/cpu/timing.inc
include/cpu/regs.inc
include/apu/spc.inc
src/apu/spc700.asm
include/apu/spcaddr.inc
include/apu/spcmacro.inc
include/apu/spcops.inc
include/apu/regs.inc
include/cycles.inc
include/cpu/cpumem.inc
include/misc.inc
src/cpu/memmap.asm
include/cpu/memmap.inc
src/cpu/dma.asm
include/cpu/dma.inc
src/ppu/ppu.asm
include/ppu/ppu.inc
src/ppu/screen.asm
include/ppu/screen.inc
include/ppu/bg8.inc
include/ppu/bg8m.inc
include/ppu/bg16.inc
include/ppu/bg16m.inc
include/ppu/bg8o.inc
include/ppu/bg8om.inc
include/ppu/bg16o.inc
include/ppu/bg16om.inc
include/ppu/bg16e.inc
include/ppu/bg16me.inc
include/ppu/bg16oe.inc
include/ppu/bg16ome.inc
src/ppu/tiles.asm
include/ppu/tiles.inc
src/ppu/sprites.asm
include/ppu/sprites.inc
src/clear.asm
include/clear.inc
src/apu/apuskip.asm
src/ppu/mode7.asm
src/scrmode.asm
src/font.asm
src/main.cpp
include/apu/apuskip.h
include/platform.h
include/font.h
include/misc.h
include/romload.h
include/helper.h
include/guicore.h
include/emugui.h
include/debug.h
include/snes.h
include/timers.h
include/types.h
include/scrmode.h
include/wrapaleg.h
src/unzip.c
include/unzip.h
src/map.c
include/map.h
src/multiio.c
include/multiio.h
src/guicore.cpp
src/emugui.cpp
include/cpu/cpu.h
include/apu/spc.h
include/apu/sound.h
include/apu/sounddef.h
include/version.h
src/romload.cpp
include/cpu/mem.h
src/snes.c
src/timers.c
src/debug.c
src/dos.c
src/helper.c
src/apu/sound.c
src/input.c
include/input.h
nasmming/nasmming.txt
nasmming/outcoff.c.diff
nasmming/outform.h.diff
